Archive member included because of file (symbol)

/Users/David/Google Drive/TP_Train/David/Programmes/CMSISv2p00_LPC17xx/Debug/libCMSISv2p00_LPC17xx.a(system_LPC17xx.o)
                              ./src/cr_startup_lpc176x.o (SystemInit)
/Applications/lpcxpresso_7.0.0_92/lpcxpresso/tools/bin/../lib/gcc/arm-none-eabi/4.8.3/../../../../arm-none-eabi/lib/armv7-m/libcr_c.a(__weak__main.o)
                              ./src/cr_startup_lpc176x.o (__main)
/Applications/lpcxpresso_7.0.0_92/lpcxpresso/tools/bin/../lib/gcc/arm-none-eabi/4.8.3/armv7-m/libcr_eabihelpers.a(division_64.o)
                              /Users/David/Google Drive/TP_Train/David/Programmes/CMSISv2p00_LPC17xx/Debug/libCMSISv2p00_LPC17xx.a(system_LPC17xx.o) (__aeabi_uldivmod)
/Applications/lpcxpresso_7.0.0_92/lpcxpresso/tools/bin/../lib/gcc/arm-none-eabi/4.8.3/armv7-m/libcr_eabihelpers.a(division_idiv0.o)
                              /Applications/lpcxpresso_7.0.0_92/lpcxpresso/tools/bin/../lib/gcc/arm-none-eabi/4.8.3/armv7-m/libcr_eabihelpers.a(division_64.o) (__aeabi_idiv0)

Discarded input sections

 .group         0x0000000000000000        0x8 ./src/Ecran.o
 .group         0x0000000000000000        0x8 ./src/Ecran.o
 .group         0x0000000000000000        0x8 ./src/Ecran.o
 .group         0x0000000000000000        0x8 ./src/Ecran.o
 .group         0x0000000000000000        0x8 ./src/Ecran.o
 .group         0x0000000000000000        0x8 ./src/Ecran.o
 .group         0x0000000000000000        0x8 ./src/Ecran.o
 .group         0x0000000000000000        0x8 ./src/Ecran.o
 .group         0x0000000000000000        0x8 ./src/Ecran.o
 .group         0x0000000000000000        0x8 ./src/Ecran.o
 .group         0x0000000000000000        0x8 ./src/Ecran.o
 .text          0x0000000000000000        0x0 ./src/Ecran.o
 .data          0x0000000000000000        0x0 ./src/Ecran.o
 .bss           0x0000000000000000        0x0 ./src/Ecran.o
 .group         0x0000000000000000        0x8 ./src/cr_startup_lpc176x.o
 .group         0x0000000000000000        0x8 ./src/cr_startup_lpc176x.o
 .group         0x0000000000000000        0x8 ./src/cr_startup_lpc176x.o
 .group         0x0000000000000000        0x8 ./src/cr_startup_lpc176x.o
 .text          0x0000000000000000        0x0 ./src/cr_startup_lpc176x.o
 .data          0x0000000000000000        0x0 ./src/cr_startup_lpc176x.o
 .bss           0x0000000000000000        0x0 ./src/cr_startup_lpc176x.o
 .debug_macro   0x0000000000000000       0x10 ./src/cr_startup_lpc176x.o
 .debug_macro   0x0000000000000000      0x122 ./src/cr_startup_lpc176x.o
 .debug_macro   0x0000000000000000      0x5b9 ./src/cr_startup_lpc176x.o
 .group         0x0000000000000000        0x8 ./src/crp.o
 .group         0x0000000000000000        0x8 ./src/crp.o
 .text          0x0000000000000000        0x0 ./src/crp.o
 .data          0x0000000000000000        0x0 ./src/crp.o
 .bss           0x0000000000000000        0x0 ./src/crp.o
 .debug_macro   0x0000000000000000      0x856 ./src/crp.o
 .group         0x0000000000000000        0x8 ./src/main.o
 .group         0x0000000000000000        0x8 ./src/main.o
 .group         0x0000000000000000        0x8 ./src/main.o
 .group         0x0000000000000000        0x8 ./src/main.o
 .group         0x0000000000000000        0x8 ./src/main.o
 .group         0x0000000000000000        0x8 ./src/main.o
 .group         0x0000000000000000        0x8 ./src/main.o
 .group         0x0000000000000000        0x8 ./src/main.o
 .group         0x0000000000000000        0x8 ./src/main.o
 .group         0x0000000000000000        0x8 ./src/main.o
 .group         0x0000000000000000        0x8 ./src/main.o
 .text          0x0000000000000000        0x0 ./src/main.o
 .data          0x0000000000000000        0x0 ./src/main.o
 .bss           0x0000000000000000        0x0 ./src/main.o
 .debug_macro   0x0000000000000000      0x856 ./src/main.o
 .debug_macro   0x0000000000000000       0x1c ./src/main.o
 .debug_macro   0x0000000000000000       0x2e ./src/main.o
 .debug_macro   0x0000000000000000       0x10 ./src/main.o
 .debug_macro   0x0000000000000000      0x122 ./src/main.o
 .debug_macro   0x0000000000000000      0x5b9 ./src/main.o
 .debug_macro   0x0000000000000000       0x18 ./src/main.o
 .debug_macro   0x0000000000000000      0x7af ./src/main.o
 .debug_macro   0x0000000000000000      0x2c7 ./src/main.o
 .debug_macro   0x0000000000000000       0x76 ./src/main.o
 .debug_macro   0x0000000000000000       0x16 ./src/main.o
 .group         0x0000000000000000        0x8 /Users/David/Google Drive/TP_Train/David/Programmes/CMSISv2p00_LPC17xx/Debug/libCMSISv2p00_LPC17xx.a(system_LPC17xx.o)
 .group         0x0000000000000000        0x8 /Users/David/Google Drive/TP_Train/David/Programmes/CMSISv2p00_LPC17xx/Debug/libCMSISv2p00_LPC17xx.a(system_LPC17xx.o)
 .group         0x0000000000000000        0x8 /Users/David/Google Drive/TP_Train/David/Programmes/CMSISv2p00_LPC17xx/Debug/libCMSISv2p00_LPC17xx.a(system_LPC17xx.o)
 .group         0x0000000000000000        0x8 /Users/David/Google Drive/TP_Train/David/Programmes/CMSISv2p00_LPC17xx/Debug/libCMSISv2p00_LPC17xx.a(system_LPC17xx.o)
 .group         0x0000000000000000        0x8 /Users/David/Google Drive/TP_Train/David/Programmes/CMSISv2p00_LPC17xx/Debug/libCMSISv2p00_LPC17xx.a(system_LPC17xx.o)
 .group         0x0000000000000000        0x8 /Users/David/Google Drive/TP_Train/David/Programmes/CMSISv2p00_LPC17xx/Debug/libCMSISv2p00_LPC17xx.a(system_LPC17xx.o)
 .group         0x0000000000000000        0x8 /Users/David/Google Drive/TP_Train/David/Programmes/CMSISv2p00_LPC17xx/Debug/libCMSISv2p00_LPC17xx.a(system_LPC17xx.o)
 .group         0x0000000000000000        0x8 /Users/David/Google Drive/TP_Train/David/Programmes/CMSISv2p00_LPC17xx/Debug/libCMSISv2p00_LPC17xx.a(system_LPC17xx.o)
 .group         0x0000000000000000        0x8 /Users/David/Google Drive/TP_Train/David/Programmes/CMSISv2p00_LPC17xx/Debug/libCMSISv2p00_LPC17xx.a(system_LPC17xx.o)
 .text          0x0000000000000000        0x0 /Users/David/Google Drive/TP_Train/David/Programmes/CMSISv2p00_LPC17xx/Debug/libCMSISv2p00_LPC17xx.a(system_LPC17xx.o)
 .data          0x0000000000000000        0x0 /Users/David/Google Drive/TP_Train/David/Programmes/CMSISv2p00_LPC17xx/Debug/libCMSISv2p00_LPC17xx.a(system_LPC17xx.o)
 .bss           0x0000000000000000        0x0 /Users/David/Google Drive/TP_Train/David/Programmes/CMSISv2p00_LPC17xx/Debug/libCMSISv2p00_LPC17xx.a(system_LPC17xx.o)
 .text.SystemCoreClockUpdate
                0x0000000000000000       0xb0 /Users/David/Google Drive/TP_Train/David/Programmes/CMSISv2p00_LPC17xx/Debug/libCMSISv2p00_LPC17xx.a(system_LPC17xx.o)
 .data.SystemCoreClock
                0x0000000000000000        0x4 /Users/David/Google Drive/TP_Train/David/Programmes/CMSISv2p00_LPC17xx/Debug/libCMSISv2p00_LPC17xx.a(system_LPC17xx.o)
 .debug_macro   0x0000000000000000       0x10 /Users/David/Google Drive/TP_Train/David/Programmes/CMSISv2p00_LPC17xx/Debug/libCMSISv2p00_LPC17xx.a(system_LPC17xx.o)
 .debug_macro   0x0000000000000000      0x122 /Users/David/Google Drive/TP_Train/David/Programmes/CMSISv2p00_LPC17xx/Debug/libCMSISv2p00_LPC17xx.a(system_LPC17xx.o)
 .debug_macro   0x0000000000000000      0x5b9 /Users/David/Google Drive/TP_Train/David/Programmes/CMSISv2p00_LPC17xx/Debug/libCMSISv2p00_LPC17xx.a(system_LPC17xx.o)
 .debug_macro   0x0000000000000000       0x1c /Users/David/Google Drive/TP_Train/David/Programmes/CMSISv2p00_LPC17xx/Debug/libCMSISv2p00_LPC17xx.a(system_LPC17xx.o)
 .debug_macro   0x0000000000000000       0x2e /Users/David/Google Drive/TP_Train/David/Programmes/CMSISv2p00_LPC17xx/Debug/libCMSISv2p00_LPC17xx.a(system_LPC17xx.o)
 .debug_macro   0x0000000000000000       0x18 /Users/David/Google Drive/TP_Train/David/Programmes/CMSISv2p00_LPC17xx/Debug/libCMSISv2p00_LPC17xx.a(system_LPC17xx.o)
 .debug_macro   0x0000000000000000      0x7af /Users/David/Google Drive/TP_Train/David/Programmes/CMSISv2p00_LPC17xx/Debug/libCMSISv2p00_LPC17xx.a(system_LPC17xx.o)
 .debug_macro   0x0000000000000000      0x2c7 /Users/David/Google Drive/TP_Train/David/Programmes/CMSISv2p00_LPC17xx/Debug/libCMSISv2p00_LPC17xx.a(system_LPC17xx.o)
 .text          0x0000000000000000        0x0 /Applications/lpcxpresso_7.0.0_92/lpcxpresso/tools/bin/../lib/gcc/arm-none-eabi/4.8.3/../../../../arm-none-eabi/lib/armv7-m/libcr_c.a(__weak__main.o)
 .data          0x0000000000000000        0x0 /Applications/lpcxpresso_7.0.0_92/lpcxpresso/tools/bin/../lib/gcc/arm-none-eabi/4.8.3/../../../../arm-none-eabi/lib/armv7-m/libcr_c.a(__weak__main.o)
 .bss           0x0000000000000000        0x0 /Applications/lpcxpresso_7.0.0_92/lpcxpresso/tools/bin/../lib/gcc/arm-none-eabi/4.8.3/../../../../arm-none-eabi/lib/armv7-m/libcr_c.a(__weak__main.o)
 .text          0x0000000000000000        0x0 /Applications/lpcxpresso_7.0.0_92/lpcxpresso/tools/bin/../lib/gcc/arm-none-eabi/4.8.3/armv7-m/libcr_eabihelpers.a(division_64.o)
 .data          0x0000000000000000        0x0 /Applications/lpcxpresso_7.0.0_92/lpcxpresso/tools/bin/../lib/gcc/arm-none-eabi/4.8.3/armv7-m/libcr_eabihelpers.a(division_64.o)
 .bss           0x0000000000000000        0x0 /Applications/lpcxpresso_7.0.0_92/lpcxpresso/tools/bin/../lib/gcc/arm-none-eabi/4.8.3/armv7-m/libcr_eabihelpers.a(division_64.o)
 .text.__aeabi_division_ldivmod
                0x0000000000000000       0x26 /Applications/lpcxpresso_7.0.0_92/lpcxpresso/tools/bin/../lib/gcc/arm-none-eabi/4.8.3/armv7-m/libcr_eabihelpers.a(division_64.o)
 .text.__aeabi_division_uldivmod
                0x0000000000000000      0x188 /Applications/lpcxpresso_7.0.0_92/lpcxpresso/tools/bin/../lib/gcc/arm-none-eabi/4.8.3/armv7-m/libcr_eabihelpers.a(division_64.o)
 .ARM.attributes
                0x0000000000000000       0x21 /Applications/lpcxpresso_7.0.0_92/lpcxpresso/tools/bin/../lib/gcc/arm-none-eabi/4.8.3/armv7-m/libcr_eabihelpers.a(division_64.o)
 .text          0x0000000000000000        0x0 /Applications/lpcxpresso_7.0.0_92/lpcxpresso/tools/bin/../lib/gcc/arm-none-eabi/4.8.3/armv7-m/libcr_eabihelpers.a(division_idiv0.o)
 .data          0x0000000000000000        0x0 /Applications/lpcxpresso_7.0.0_92/lpcxpresso/tools/bin/../lib/gcc/arm-none-eabi/4.8.3/armv7-m/libcr_eabihelpers.a(division_idiv0.o)
 .bss           0x0000000000000000        0x0 /Applications/lpcxpresso_7.0.0_92/lpcxpresso/tools/bin/../lib/gcc/arm-none-eabi/4.8.3/armv7-m/libcr_eabihelpers.a(division_idiv0.o)
 .text.__aeabi_division_idiv0
                0x0000000000000000        0x2 /Applications/lpcxpresso_7.0.0_92/lpcxpresso/tools/bin/../lib/gcc/arm-none-eabi/4.8.3/armv7-m/libcr_eabihelpers.a(division_idiv0.o)
 .ARM.attributes
                0x0000000000000000       0x21 /Applications/lpcxpresso_7.0.0_92/lpcxpresso/tools/bin/../lib/gcc/arm-none-eabi/4.8.3/armv7-m/libcr_eabihelpers.a(division_idiv0.o)

Memory Configuration

Name             Origin             Length             Attributes
MFlash512        0x0000000000000000 0x0000000000080000 xr
RamLoc32         0x0000000010000000 0x0000000000008000 xrw
RamAHB32         0x000000002007c000 0x0000000000008000 xrw
*default*        0x0000000000000000 0xffffffffffffffff

Linker script and memory map

LOAD ./src/Ecran.o
LOAD ./src/cr_startup_lpc176x.o
LOAD ./src/crp.o
LOAD ./src/main.o
LOAD /Users/David/Google Drive/TP_Train/David/Programmes/CMSISv2p00_LPC17xx/Debug/libCMSISv2p00_LPC17xx.a
START GROUP
LOAD /Applications/lpcxpresso_7.0.0_92/lpcxpresso/tools/bin/../lib/gcc/arm-none-eabi/4.8.3/../../../../arm-none-eabi/lib/armv7-m/libcr_c.a
LOAD /Applications/lpcxpresso_7.0.0_92/lpcxpresso/tools/bin/../lib/gcc/arm-none-eabi/4.8.3/armv7-m/libcr_eabihelpers.a
END GROUP
                0x0000000000080000                __top_MFlash512 = 0x80000
                0x0000000010008000                __top_RamLoc32 = 0x10008000
                0x0000000020084000                __top_RamAHB32 = 0x20084000

.text           0x0000000000000000      0x7ec
 FILL mask 0xff
                0x0000000000000000                __vectors_start__ = ABSOLUTE (.)
 *(.isr_vector)
 .isr_vector    0x0000000000000000       0xcc ./src/cr_startup_lpc176x.o
                0x0000000000000000                g_pfnVectors
                0x00000000000000cc                . = ALIGN (0x4)
                0x00000000000000cc                __section_table_start = .
                0x00000000000000cc                __data_section_table = .
                0x00000000000000cc        0x4 LONG 0x7ec LOADADDR (.data)
                0x00000000000000d0        0x4 LONG 0x10000000 ADDR (.data)
                0x00000000000000d4        0x4 LONG 0x0 SIZEOF (.data)
                0x00000000000000d8        0x4 LONG 0x7ec LOADADDR (.data_RAM2)
                0x00000000000000dc        0x4 LONG 0x2007c000 ADDR (.data_RAM2)
                0x00000000000000e0        0x4 LONG 0x0 SIZEOF (.data_RAM2)
                0x00000000000000e4                __data_section_table_end = .
                0x00000000000000e4                __bss_section_table = .
                0x00000000000000e4        0x4 LONG 0x10000000 ADDR (.bss)
                0x00000000000000e8        0x4 LONG 0x0 SIZEOF (.bss)
                0x00000000000000ec        0x4 LONG 0x2007c000 ADDR (.bss_RAM2)
                0x00000000000000f0        0x4 LONG 0x0 SIZEOF (.bss_RAM2)
                0x00000000000000f4                __bss_section_table_end = .
                0x00000000000000f4                __section_table_end = .
 *(.after_vectors*)
 .after_vectors
                0x00000000000000f4       0x78 ./src/cr_startup_lpc176x.o
                0x00000000000000f4                NMI_Handler
                0x00000000000000f6                HardFault_Handler
                0x00000000000000f8                MemManage_Handler
                0x00000000000000fa                BusFault_Handler
                0x00000000000000fc                UsageFault_Handler
                0x00000000000000fe                SVC_Handler
                0x0000000000000100                DebugMon_Handler
                0x0000000000000102                PendSV_Handler
                0x0000000000000104                SysTick_Handler
                0x0000000000000106                CANActivity_IRQHandler
                0x0000000000000106                TIMER3_IRQHandler
                0x0000000000000106                UART0_IRQHandler
                0x0000000000000106                IntDefaultHandler
                0x0000000000000106                PLL0_IRQHandler
                0x0000000000000106                CAN_IRQHandler
                0x0000000000000106                PLL1_IRQHandler
                0x0000000000000106                SSP0_IRQHandler
                0x0000000000000106                I2S_IRQHandler
                0x0000000000000106                I2C2_IRQHandler
                0x0000000000000106                RTC_IRQHandler
                0x0000000000000106                TIMER0_IRQHandler
                0x0000000000000106                SPI_IRQHandler
                0x0000000000000106                EINT1_IRQHandler
                0x0000000000000106                TIMER1_IRQHandler
                0x0000000000000106                UART2_IRQHandler
                0x0000000000000106                ADC_IRQHandler
                0x0000000000000106                SSP1_IRQHandler
                0x0000000000000106                USB_IRQHandler
                0x0000000000000106                BOD_IRQHandler
                0x0000000000000106                WDT_IRQHandler
                0x0000000000000106                ENET_IRQHandler
                0x0000000000000106                RIT_IRQHandler
                0x0000000000000106                I2C0_IRQHandler
                0x0000000000000106                USBActivity_IRQHandler
                0x0000000000000106                PWM1_IRQHandler
                0x0000000000000106                I2C1_IRQHandler
                0x0000000000000106                EINT2_IRQHandler
                0x0000000000000106                UART1_IRQHandler
                0x0000000000000106                EINT3_IRQHandler
                0x0000000000000106                UART3_IRQHandler
                0x0000000000000106                MCPWM_IRQHandler
                0x0000000000000106                TIMER2_IRQHandler
                0x0000000000000106                QEI_IRQHandler
                0x0000000000000106                EINT0_IRQHandler
                0x0000000000000106                DMA_IRQHandler
                0x0000000000000108                data_init
                0x000000000000011a                bss_init
                0x000000000000012a                ResetISR
                0x00000000000002fc                . = 0x2fc
 *fill*         0x000000000000016c      0x190 ff
                0x00000000000002fc                PROVIDE (__CRP_WORD_START__, .)
 *(.crp)
 .crp           0x00000000000002fc        0x4 ./src/crp.o
                0x00000000000002fc                CRP_WORD
                0x0000000000000300                PROVIDE (__CRP_WORD_END__, .)
                0x0000000000000001                ASSERT (! ((__CRP_WORD_START__ == __CRP_WORD_END__)), Linker CRP Enabled, but no CRP_WORD provided within application)
 *(.text*)
 .text.Write_bus_to_extlab2
                0x0000000000000300       0x2c ./src/Ecran.o
                0x0000000000000300                Write_bus_to_extlab2
 .text.Init_ports_display
                0x000000000000032c       0x8c ./src/Ecran.o
                0x000000000000032c                Init_ports_display
 .text.Index_out
                0x00000000000003b8       0x68 ./src/Ecran.o
                0x00000000000003b8                Index_out
 .text.Parameter_out
                0x0000000000000420       0x8c ./src/Ecran.o
                0x0000000000000420                Parameter_out
 .text.Set_gamma
                0x00000000000004ac       0x84 ./src/Ecran.o
                0x00000000000004ac                Set_gamma
 .text.Send_color
                0x0000000000000530       0x54 ./src/Ecran.o
                0x0000000000000530                Send_color
 .text.Init_display
                0x0000000000000584       0xa4 ./src/Ecran.o
                0x0000000000000584                Init_display
 .text.Write_pixel
                0x0000000000000628       0x38 ./src/Ecran.o
                0x0000000000000628                Write_pixel
 .text.Set_cursor
                0x0000000000000660       0x34 ./src/Ecran.o
                0x0000000000000660                Set_cursor
 .text.Create_partial_screen
                0x0000000000000694       0x4c ./src/Ecran.o
                0x0000000000000694                Create_partial_screen
 .text.main     0x00000000000006e0       0x28 ./src/main.o
                0x00000000000006e0                main
 .text.SystemInit
                0x0000000000000708       0xe0 /Users/David/Google Drive/TP_Train/David/Programmes/CMSISv2p00_LPC17xx/Debug/libCMSISv2p00_LPC17xx.a(system_LPC17xx.o)
                0x0000000000000708                SystemInit
 .text.__weak_main
                0x00000000000007e8        0x4 /Applications/lpcxpresso_7.0.0_92/lpcxpresso/tools/bin/../lib/gcc/arm-none-eabi/4.8.3/../../../../arm-none-eabi/lib/armv7-m/libcr_c.a(__weak__main.o)
                0x00000000000007e8                __main
                0x00000000000007e8                __weak_main
 *(.rodata .rodata.* .constdata .constdata.*)
                0x00000000000007ec                . = ALIGN (0x4)

.glue_7         0x00000000000007ec        0x0
 .glue_7        0x0000000000000000        0x0 linker stubs

.glue_7t        0x00000000000007ec        0x0
 .glue_7t       0x0000000000000000        0x0 linker stubs

.vfp11_veneer   0x00000000000007ec        0x0
 .vfp11_veneer  0x0000000000000000        0x0 linker stubs

.v4_bx          0x00000000000007ec        0x0
 .v4_bx         0x0000000000000000        0x0 linker stubs

.iplt           0x00000000000007ec        0x0
 .iplt          0x0000000000000000        0x0 ./src/Ecran.o

.rel.dyn        0x00000000000007ec        0x0
 .rel.iplt      0x0000000000000000        0x0 ./src/Ecran.o

.ARM.extab
 *(.ARM.extab* .gnu.linkonce.armextab.*)
                0x00000000000007ec                __exidx_start = .

.ARM.exidx
 *(.ARM.exidx* .gnu.linkonce.armexidx.*)
                0x00000000000007ec                __exidx_end = .
                0x00000000000007ec                _etext = .

.data_RAM2      0x000000002007c000        0x0 load address 0x00000000000007ec
 FILL mask 0xff
 *(.data.$RAM2*)
 *(.data.$RamAHB32*)
                0x000000002007c000                . = ALIGN (0x4)

.uninit_RESERVED
                0x0000000010000000        0x0
 *(.bss.$RESERVED*)
                0x0000000010000000                . = ALIGN (0x4)
                0x0000000010000000                _end_uninit_RESERVED = .

.data           0x0000000010000000        0x0 load address 0x00000000000007ec
 FILL mask 0xff
                0x0000000010000000                _data = .
 *(vtable)
 *(.data*)
                0x0000000010000000                . = ALIGN (0x4)
                0x0000000010000000                _edata = .

.igot.plt       0x0000000010000000        0x0 load address 0x00000000000007ec
 .igot.plt      0x0000000000000000        0x0 ./src/Ecran.o

.bss_RAM2       0x000000002007c000        0x0
 *(.bss.$RAM2*)
 *(.bss.$RamAHB32*)
                0x000000002007c000                . = ALIGN (0x4)

.bss            0x0000000010000000        0x0
                0x0000000010000000                _bss = .
 *(.bss*)
 *(COMMON)
                0x0000000010000000                . = ALIGN (0x4)
                0x0000000010000000                _ebss = .
                0x0000000010000000                PROVIDE (end, .)

.noinit_RAM2    0x000000002007c000        0x0
 *(.noinit.$RAM2*)
 *(.noinit.$RamAHB32*)
                0x000000002007c000                . = ALIGN (0x4)

.noinit         0x0000000010000000        0x0
                0x0000000010000000                _noinit = .
 *(.noinit*)
                0x0000000010000000                . = ALIGN (0x4)
                0x0000000010000000                _end_noinit = .
                0x0000000010000000                PROVIDE (_pvHeapStart, .)
                0x0000000010008000                PROVIDE (_vStackTop, (__top_RamLoc32 - 0x0))
OUTPUT(GestionEcran.axf elf32-littlearm)

.debug_info     0x0000000000000000      0xba0
 .debug_info    0x0000000000000000      0x4e3 ./src/Ecran.o
 .debug_info    0x00000000000004e3      0x2be ./src/cr_startup_lpc176x.o
 .debug_info    0x00000000000007a1       0x3f ./src/crp.o
 .debug_info    0x00000000000007e0       0xa8 ./src/main.o
 .debug_info    0x0000000000000888      0x318 /Users/David/Google Drive/TP_Train/David/Programmes/CMSISv2p00_LPC17xx/Debug/libCMSISv2p00_LPC17xx.a(system_LPC17xx.o)

.debug_abbrev   0x0000000000000000      0x3ea
 .debug_abbrev  0x0000000000000000      0x137 ./src/Ecran.o
 .debug_abbrev  0x0000000000000137      0x12b ./src/cr_startup_lpc176x.o
 .debug_abbrev  0x0000000000000262       0x36 ./src/crp.o
 .debug_abbrev  0x0000000000000298       0x6c ./src/main.o
 .debug_abbrev  0x0000000000000304       0xe6 /Users/David/Google Drive/TP_Train/David/Programmes/CMSISv2p00_LPC17xx/Debug/libCMSISv2p00_LPC17xx.a(system_LPC17xx.o)

.debug_aranges  0x0000000000000000      0x148
 .debug_aranges
                0x0000000000000000       0x68 ./src/Ecran.o
 .debug_aranges
                0x0000000000000068       0x80 ./src/cr_startup_lpc176x.o
 .debug_aranges
                0x00000000000000e8       0x18 ./src/crp.o
 .debug_aranges
                0x0000000000000100       0x20 ./src/main.o
 .debug_aranges
                0x0000000000000120       0x28 /Users/David/Google Drive/TP_Train/David/Programmes/CMSISv2p00_LPC17xx/Debug/libCMSISv2p00_LPC17xx.a(system_LPC17xx.o)

.debug_ranges   0x0000000000000000       0xf0
 .debug_ranges  0x0000000000000000       0x58 ./src/Ecran.o
 .debug_ranges  0x0000000000000058       0x70 ./src/cr_startup_lpc176x.o
 .debug_ranges  0x00000000000000c8       0x10 ./src/main.o
 .debug_ranges  0x00000000000000d8       0x18 /Users/David/Google Drive/TP_Train/David/Programmes/CMSISv2p00_LPC17xx/Debug/libCMSISv2p00_LPC17xx.a(system_LPC17xx.o)

.debug_macro    0x0000000000000000     0x2e3c
 .debug_macro   0x0000000000000000       0x8d ./src/Ecran.o
 .debug_macro   0x000000000000008d      0x856 ./src/Ecran.o
 .debug_macro   0x00000000000008e3       0x1c ./src/Ecran.o
 .debug_macro   0x00000000000008ff       0x2e ./src/Ecran.o
 .debug_macro   0x000000000000092d       0x10 ./src/Ecran.o
 .debug_macro   0x000000000000093d      0x122 ./src/Ecran.o
 .debug_macro   0x0000000000000a5f      0x5b9 ./src/Ecran.o
 .debug_macro   0x0000000000001018       0x18 ./src/Ecran.o
 .debug_macro   0x0000000000001030      0x7af ./src/Ecran.o
 .debug_macro   0x00000000000017df      0x2c7 ./src/Ecran.o
 .debug_macro   0x0000000000001aa6       0x76 ./src/Ecran.o
 .debug_macro   0x0000000000001b1c       0x16 ./src/Ecran.o
 .debug_macro   0x0000000000001b32       0x52 ./src/cr_startup_lpc176x.o
 .debug_macro   0x0000000000001b84      0x85c ./src/cr_startup_lpc176x.o
 .debug_macro   0x00000000000023e0       0x1a ./src/crp.o
 .debug_macro   0x00000000000023fa       0x34 ./src/crp.o
 .debug_macro   0x000000000000242e       0x8d ./src/main.o
 .debug_macro   0x00000000000024bb      0x12b /Users/David/Google Drive/TP_Train/David/Programmes/CMSISv2p00_LPC17xx/Debug/libCMSISv2p00_LPC17xx.a(system_LPC17xx.o)
 .debug_macro   0x00000000000025e6      0x856 /Users/David/Google Drive/TP_Train/David/Programmes/CMSISv2p00_LPC17xx/Debug/libCMSISv2p00_LPC17xx.a(system_LPC17xx.o)

.debug_line     0x0000000000000000      0x947
 .debug_line    0x0000000000000000      0x304 ./src/Ecran.o
 .debug_line    0x0000000000000304      0x1ca ./src/cr_startup_lpc176x.o
 .debug_line    0x00000000000004ce       0x7e ./src/crp.o
 .debug_line    0x000000000000054c      0x217 ./src/main.o
 .debug_line    0x0000000000000763      0x1e4 /Users/David/Google Drive/TP_Train/David/Programmes/CMSISv2p00_LPC17xx/Debug/libCMSISv2p00_LPC17xx.a(system_LPC17xx.o)

.debug_str      0x0000000000000000     0x8aba
 .debug_str     0x0000000000000000     0x81b3 ./src/Ecran.o
                                       0x823a (size before relaxing)
 .debug_str     0x00000000000081b3      0x2a1 ./src/cr_startup_lpc176x.o
                                       0x3d13 (size before relaxing)
 .debug_str     0x0000000000008454       0xe9 ./src/crp.o
                                       0x24d1 (size before relaxing)
 .debug_str     0x000000000000853d       0x55 ./src/main.o
                                       0x8023 (size before relaxing)
 .debug_str     0x0000000000008592      0x528 /Users/David/Google Drive/TP_Train/David/Programmes/CMSISv2p00_LPC17xx/Debug/libCMSISv2p00_LPC17xx.a(system_LPC17xx.o)
                                       0x803d (size before relaxing)

.comment        0x0000000000000000       0x70
 .comment       0x0000000000000000       0x70 ./src/Ecran.o
                                         0x71 (size before relaxing)
 .comment       0x0000000000000000       0x71 ./src/cr_startup_lpc176x.o
 .comment       0x0000000000000000       0x71 ./src/crp.o
 .comment       0x0000000000000000       0x71 ./src/main.o
 .comment       0x0000000000000000       0x71 /Users/David/Google Drive/TP_Train/David/Programmes/CMSISv2p00_LPC17xx/Debug/libCMSISv2p00_LPC17xx.a(system_LPC17xx.o)
 .comment       0x0000000000000000       0x71 /Applications/lpcxpresso_7.0.0_92/lpcxpresso/tools/bin/../lib/gcc/arm-none-eabi/4.8.3/../../../../arm-none-eabi/lib/armv7-m/libcr_c.a(__weak__main.o)

.ARM.attributes
                0x0000000000000000       0x31
 .ARM.attributes
                0x0000000000000000       0x33 ./src/Ecran.o
 .ARM.attributes
                0x0000000000000033       0x33 ./src/cr_startup_lpc176x.o
 .ARM.attributes
                0x0000000000000066       0x33 ./src/crp.o
 .ARM.attributes
                0x0000000000000099       0x33 ./src/main.o
 .ARM.attributes
                0x00000000000000cc       0x33 /Users/David/Google Drive/TP_Train/David/Programmes/CMSISv2p00_LPC17xx/Debug/libCMSISv2p00_LPC17xx.a(system_LPC17xx.o)
 .ARM.attributes
                0x00000000000000ff       0x33 /Applications/lpcxpresso_7.0.0_92/lpcxpresso/tools/bin/../lib/gcc/arm-none-eabi/4.8.3/../../../../arm-none-eabi/lib/armv7-m/libcr_c.a(__weak__main.o)

.debug_frame    0x0000000000000000      0x288
 .debug_frame   0x0000000000000000      0x130 ./src/Ecran.o
 .debug_frame   0x0000000000000130       0xf0 ./src/cr_startup_lpc176x.o
 .debug_frame   0x0000000000000220       0x2c ./src/main.o
 .debug_frame   0x000000000000024c       0x3c /Users/David/Google Drive/TP_Train/David/Programmes/CMSISv2p00_LPC17xx/Debug/libCMSISv2p00_LPC17xx.a(system_LPC17xx.o)

.debug_loc      0x0000000000000000      0x15f
 .debug_loc     0x0000000000000000      0x15f ./src/cr_startup_lpc176x.o
