22:21:54 **** Build of configuration Debug for project GestionEcran ****
make all 
Building file: ../src/Ecran.c
Invoking: MCU C Compiler
arm-none-eabi-gcc -D__REDLIB__ -DDEBUG -D__CODE_RED -D__USE_CMSIS=CMSISv2p00_LPC17xx -I"/Users/David/Google Drive/TP_Train/Programmes_LPC/CMSISv2p00_LPC17xx/inc" -O0 -g3 -Wall -c -fmessage-length=0 -fno-builtin -ffunction-sections -fdata-sections -mcpu=cortex-m3 -mthumb -D__REDLIB__ -specs=redlib.specs -MMD -MP -MF"src/Ecran.d" -MT"src/Ecran.d" -o "src/Ecran.o" "../src/Ecran.c"
Finished building: ../src/Ecran.c
 
Building file: ../src/Images.c
Invoking: MCU C Compiler
arm-none-eabi-gcc -D__REDLIB__ -DDEBUG -D__CODE_RED -D__USE_CMSIS=CMSISv2p00_LPC17xx -I"/Users/David/Google Drive/TP_Train/Programmes_LPC/CMSISv2p00_LPC17xx/inc" -O0 -g3 -Wall -c -fmessage-length=0 -fno-builtin -ffunction-sections -fdata-sections -mcpu=cortex-m3 -mthumb -D__REDLIB__ -specs=redlib.specs -MMD -MP -MF"src/Images.d" -MT"src/Images.d" -o "src/Images.o" "../src/Images.c"
Finished building: ../src/Images.c
 
Building file: ../src/cr_startup_lpc176x.c
Invoking: MCU C Compiler
arm-none-eabi-gcc -D__REDLIB__ -DDEBUG -D__CODE_RED -D__USE_CMSIS=CMSISv2p00_LPC17xx -I"/Users/David/Google Drive/TP_Train/Programmes_LPC/CMSISv2p00_LPC17xx/inc" -Os -g3 -Wall -c -fmessage-length=0 -fno-builtin -ffunction-sections -fdata-sections -mcpu=cortex-m3 -mthumb -D__REDLIB__ -specs=redlib.specs -MMD -MP -MF"src/cr_startup_lpc176x.d" -MT"src/cr_startup_lpc176x.d" -o "src/cr_startup_lpc176x.o" "../src/cr_startup_lpc176x.c"
Finished building: ../src/cr_startup_lpc176x.c
 
Building file: ../src/crp.c
Invoking: MCU C Compiler
arm-none-eabi-gcc -D__REDLIB__ -DDEBUG -D__CODE_RED -D__USE_CMSIS=CMSISv2p00_LPC17xx -I"/Users/David/Google Drive/TP_Train/Programmes_LPC/CMSISv2p00_LPC17xx/inc" -O0 -g3 -Wall -c -fmessage-length=0 -fno-builtin -ffunction-sections -fdata-sections -mcpu=cortex-m3 -mthumb -D__REDLIB__ -specs=redlib.specs -MMD -MP -MF"src/crp.d" -MT"src/crp.d" -o "src/crp.o" "../src/crp.c"
Finished building: ../src/crp.c
 
Building file: ../src/main.c
Invoking: MCU C Compiler
arm-none-eabi-gcc -D__REDLIB__ -DDEBUG -D__CODE_RED -D__USE_CMSIS=CMSISv2p00_LPC17xx -I"/Users/David/Google Drive/TP_Train/Programmes_LPC/CMSISv2p00_LPC17xx/inc" -O0 -g3 -Wall -c -fmessage-length=0 -fno-builtin -ffunction-sections -fdata-sections -mcpu=cortex-m3 -mthumb -D__REDLIB__ -specs=redlib.specs -MMD -MP -MF"src/main.d" -MT"src/main.d" -o "src/main.o" "../src/main.c"
Finished building: ../src/main.c
 
Building file: ../src/police.c
Invoking: MCU C Compiler
arm-none-eabi-gcc -D__REDLIB__ -DDEBUG -D__CODE_RED -D__USE_CMSIS=CMSISv2p00_LPC17xx -I"/Users/David/Google Drive/TP_Train/Programmes_LPC/CMSISv2p00_LPC17xx/inc" -O0 -g3 -Wall -c -fmessage-length=0 -fno-builtin -ffunction-sections -fdata-sections -mcpu=cortex-m3 -mthumb -D__REDLIB__ -specs=redlib.specs -MMD -MP -MF"src/police.d" -MT"src/police.d" -o "src/police.o" "../src/police.c"
Finished building: ../src/police.c
 
Building target: GestionEcran.axf
Invoking: MCU Linker
arm-none-eabi-gcc -nostdlib -L"/Users/David/Google Drive/TP_Train/Programmes_LPC/CMSISv2p00_LPC17xx/Debug" -Xlinker -Map="GestionEcran.map" -Xlinker --gc-sections -mcpu=cortex-m3 -mthumb -T "GestionEcran_Debug.ld" -o "GestionEcran.axf"  ./src/Ecran.o ./src/Images.o ./src/cr_startup_lpc176x.o ./src/crp.o ./src/main.o ./src/police.o   -lCMSISv2p00_LPC17xx
Finished building target: GestionEcran.axf
 
make --no-print-directory post-build
Performing post-build steps
arm-none-eabi-size "GestionEcran.axf"; # arm-none-eabi-objcopy -O binary "GestionEcran.axf" "GestionEcran.bin" ; checksum -p LPC1769 -d "GestionEcran.bin";
   text	   data	    bss	    dec	    hex	filename
 232568	      0	      0	 232568	  38c78	GestionEcran.axf
 

22:21:55 Build Finished (took 1s.79ms)

