15:48:57 **** Incremental Build of configuration Debug for project GestionEcran ****
make all 
Building file: ../src/police.c
Invoking: MCU C Compiler
arm-none-eabi-gcc -D__REDLIB__ -DDEBUG -D__CODE_RED -D__USE_CMSIS=CMSISv2p00_LPC17xx -I"/Users/David/Google Drive/TP_Train/Programmes_LPC/CMSISv2p00_LPC17xx/inc" -O0 -g3 -Wall -c -fmessage-length=0 -fno-builtin -ffunction-sections -fdata-sections -mcpu=cortex-m3 -mthumb -D__REDLIB__ -specs=redlib.specs -MMD -MP -MF"src/police.d" -MT"src/police.d" -o "src/police.o" "../src/police.c"
../src/police.c: In function 'Write_char':
Finished building: ../src/police.c
 
Building target: GestionEcran.axf
Invoking: MCU Linker
arm-none-eabi-gcc -nostdlib -L"/Users/David/Google Drive/TP_Train/Programmes_LPC/CMSISv2p00_LPC17xx/Debug" -Xlinker -Map="GestionEcran.map" -Xlinker --gc-sections -mcpu=cortex-m3 -mthumb -T "GestionEcran_Debug.ld" -o "GestionEcran.axf"  ./src/Ecran.o ./src/cr_startup_lpc176x.o ./src/crp.o ./src/main.o ./src/police.o   -lCMSISv2p00_LPC17xx
Finished building target: GestionEcran.axf
 
make --no-print-directory post-build
Performing post-build steps
arm-none-eabi-size "GestionEcran.axf"; # arm-none-eabi-objcopy -O binary "GestionEcran.axf" "GestionEcran.bin" ; checksum -p LPC1769 -d "GestionEcran.bin";
../src/police.c:529:8: warning: unused variable 'test' [-Wunused-variable]
   text	   data	    bss	    dec	    hex	filename
    int test = (vga_fonts[i] & mask) >> decal;
        ^
  13540	      0	      0	  13540	   34e4	GestionEcran.axf
 

15:48:57 Build Finished (took 263ms)

