23:44:51 **** Incremental Build of configuration Debug for project StationDeGestion_TP_Train ****
make all 
Building file: ../src/main.c
Invoking: MCU C Compiler
arm-none-eabi-gcc -D__REDLIB__ -DDEBUG -D__CODE_RED -D__USE_CMSIS=CMSISv2p00_LPC17xx -I"/Users/David/Google Drive/TP_Train/Programmes_LPC/CMSISv2p00_LPC17xx/inc" -O0 -g3 -Wall -c -fmessage-length=0 -fno-builtin -ffunction-sections -fdata-sections -mcpu=cortex-m3 -mthumb -D__REDLIB__ -specs=redlib.specs -MMD -MP -MF"src/main.d" -MT"src/main.d" -o "src/main.o" "../src/main.c"
Finished building: ../src/main.c
 
Building file: ../src/police.c
Invoking: MCU C Compiler
arm-none-eabi-gcc -D__REDLIB__ -DDEBUG -D__CODE_RED -D__USE_CMSIS=CMSISv2p00_LPC17xx -I"/Users/David/Google Drive/TP_Train/Programmes_LPC/CMSISv2p00_LPC17xx/inc" -O0 -g3 -Wall -c -fmessage-length=0 -fno-builtin -ffunction-sections -fdata-sections -mcpu=cortex-m3 -mthumb -D__REDLIB__ -specs=redlib.specs -MMD -MP -MF"src/police.d" -MT"src/police.d" -o "src/police.o" "../src/police.c"
Finished building: ../src/police.c
 
Building target: StationDeGestion_TP_Train.axf
Invoking: MCU Linker
arm-none-eabi-gcc -nostdlib -L"/Users/David/Google Drive/TP_Train/Programmes_LPC/CMSISv2p00_LPC17xx/Debug" -Xlinker -Map="StationDeGestion_TP_Train.map" -Xlinker --gc-sections -mcpu=cortex-m3 -mthumb -T "StationDeGestion_TP_Train_Debug.ld" -o "StationDeGestion_TP_Train.axf"  ./src/Ecran.o ./src/Images.o ./src/SPI.o ./src/cr_startup_lpc176x.o ./src/crp.o ./src/main.o ./src/police.o   -lCMSISv2p00_LPC17xx
Finished building target: StationDeGestion_TP_Train.axf
 
make --no-print-directory post-build
Performing post-build steps
arm-none-eabi-size "StationDeGestion_TP_Train.axf"; # arm-none-eabi-objcopy -O binary "StationDeGestion_TP_Train.axf" "StationDeGestion_TP_Train.bin" ; checksum -p LPC1769 -d "StationDeGestion_TP_Train.bin";
   text	   data	    bss	    dec	    hex	filename
   2048	      0	      0	   2048	    800	StationDeGestion_TP_Train.axf
 

23:44:51 Build Finished (took 368ms)

