19:20:46 **** Build of configuration Debug for project StationDeGestion_TP_Train ****
make all 
Building file: ../src/Ecran.c
Invoking: MCU C Compiler
arm-none-eabi-gcc -D__REDLIB__ -DDEBUG -D__CODE_RED -D__USE_CMSIS=CMSISv2p00_LPC17xx -I"/Users/David/Google Drive/TP_Train/Programmes_LPC/CMSISv2p00_LPC17xx/inc" -O0 -g3 -Wall -c -fmessage-length=0 -fno-builtin -ffunction-sections -fdata-sections -mcpu=cortex-m3 -mthumb -D__REDLIB__ -specs=redlib.specs -MMD -MP -MF"src/Ecran.d" -MT"src/Ecran.d" -o "src/Ecran.o" "../src/Ecran.c"
Finished building: ../src/Ecran.c
 
Building file: ../src/Images.c
Invoking: MCU C Compiler
arm-none-eabi-gcc -D__REDLIB__ -DDEBUG -D__CODE_RED -D__USE_CMSIS=CMSISv2p00_LPC17xx -I"/Users/David/Google Drive/TP_Train/Programmes_LPC/CMSISv2p00_LPC17xx/inc" -O0 -g3 -Wall -c -fmessage-length=0 -fno-builtin -ffunction-sections -fdata-sections -mcpu=cortex-m3 -mthumb -D__REDLIB__ -specs=redlib.specs -MMD -MP -MF"src/Images.d" -MT"src/Images.d" -o "src/Images.o" "../src/Images.c"
Finished building: ../src/Images.c
 
Building file: ../src/SPI.c
Invoking: MCU C Compiler
arm-none-eabi-gcc -D__REDLIB__ -DDEBUG -D__CODE_RED -D__USE_CMSIS=CMSISv2p00_LPC17xx -I"/Users/David/Google Drive/TP_Train/Programmes_LPC/CMSISv2p00_LPC17xx/inc" -O0 -g3 -Wall -c -fmessage-length=0 -fno-builtin -ffunction-sections -fdata-sections -mcpu=cortex-m3 -mthumb -D__REDLIB__ -specs=redlib.specs -MMD -MP -MF"src/SPI.d" -MT"src/SPI.d" -o "src/SPI.o" "../src/SPI.c"
Finished building: ../src/SPI.c
 
Building file: ../src/Touchscreen.c
Invoking: MCU C Compiler
arm-none-eabi-gcc -D__REDLIB__ -DDEBUG -D__CODE_RED -D__USE_CMSIS=CMSISv2p00_LPC17xx -I"/Users/David/Google Drive/TP_Train/Programmes_LPC/CMSISv2p00_LPC17xx/inc" -O0 -g3 -Wall -c -fmessage-length=0 -fno-builtin -ffunction-sections -fdata-sections -mcpu=cortex-m3 -mthumb -D__REDLIB__ -specs=redlib.specs -MMD -MP -MF"src/Touchscreen.d" -MT"src/Touchscreen.d" -o "src/Touchscreen.o" "../src/Touchscreen.c"
../src/main.c: In function 'EINT3_IRQHandler':
Finished building: ../src/Touchscreen.c
../src/main.c:31:10: warning: unused variable 'test3' [-Wunused-variable]
 
  uint8_t test3 = Write_Read_SPI_8bits(0xD8);
          ^
Building file: ../src/cr_startup_lpc176x.c
../src/main.c:30:10: warning: unused variable 'test2' [-Wunused-variable]
Invoking: MCU C Compiler
  uint8_t test2 = Write_Read_SPI_8bits(0xD9);
arm-none-eabi-gcc -D__REDLIB__ -DDEBUG -D__CODE_RED -D__USE_CMSIS=CMSISv2p00_LPC17xx -I"/Users/David/Google Drive/TP_Train/Programmes_LPC/CMSISv2p00_LPC17xx/inc" -Os -g3 -Wall -c -fmessage-length=0 -fno-builtin -ffunction-sections -fdata-sections -mcpu=cortex-m3 -mthumb -D__REDLIB__ -specs=redlib.specs -MMD -MP -MF"src/cr_startup_lpc176x.d" -MT"src/cr_startup_lpc176x.d" -o "src/cr_startup_lpc176x.o" "../src/cr_startup_lpc176x.c"
          ^
Finished building: ../src/cr_startup_lpc176x.c
../src/main.c:26:10: warning: unused variable 'test1' [-Wunused-variable]
 
  uint8_t test1 = Write_Read_SPI_8bits(0xD9); // Send options
          ^
../src/main.c:25:11: warning: unused variable 'test4' [-Wunused-variable]
  uint32_t test4 = LPC_GPIO0->FIOPIN;
Building file: ../src/crp.c
Invoking: MCU C Compiler
arm-none-eabi-gcc -D__REDLIB__ -DDEBUG -D__CODE_RED -D__USE_CMSIS=CMSISv2p00_LPC17xx -I"/Users/David/Google Drive/TP_Train/Programmes_LPC/CMSISv2p00_LPC17xx/inc" -O0 -g3 -Wall -c -fmessage-length=0 -fno-builtin -ffunction-sections -fdata-sections -mcpu=cortex-m3 -mthumb -D__REDLIB__ -specs=redlib.specs -MMD -MP -MF"src/crp.d" -MT"src/crp.d" -o "src/crp.o" "../src/crp.c"
           ^
Finished building: ../src/crp.c
 
Building file: ../src/main.c
Invoking: MCU C Compiler
arm-none-eabi-gcc -D__REDLIB__ -DDEBUG -D__CODE_RED -D__USE_CMSIS=CMSISv2p00_LPC17xx -I"/Users/David/Google Drive/TP_Train/Programmes_LPC/CMSISv2p00_LPC17xx/inc" -O0 -g3 -Wall -c -fmessage-length=0 -fno-builtin -ffunction-sections -fdata-sections -mcpu=cortex-m3 -mthumb -D__REDLIB__ -specs=redlib.specs -MMD -MP -MF"src/main.d" -MT"src/main.d" -o "src/main.o" "../src/main.c"
Finished building: ../src/main.c
 
Building file: ../src/police.c
Invoking: MCU C Compiler
arm-none-eabi-gcc -D__REDLIB__ -DDEBUG -D__CODE_RED -D__USE_CMSIS=CMSISv2p00_LPC17xx -I"/Users/David/Google Drive/TP_Train/Programmes_LPC/CMSISv2p00_LPC17xx/inc" -O0 -g3 -Wall -c -fmessage-length=0 -fno-builtin -ffunction-sections -fdata-sections -mcpu=cortex-m3 -mthumb -D__REDLIB__ -specs=redlib.specs -MMD -MP -MF"src/police.d" -MT"src/police.d" -o "src/police.o" "../src/police.c"
Finished building: ../src/police.c
 
Building target: StationDeGestion_TP_Train.axf
Invoking: MCU Linker
arm-none-eabi-gcc -nostdlib -L"/Users/David/Google Drive/TP_Train/Programmes_LPC/CMSISv2p00_LPC17xx/Debug" -Xlinker -Map="StationDeGestion_TP_Train.map" -Xlinker --gc-sections -mcpu=cortex-m3 -mthumb -T "StationDeGestion_TP_Train_Debug.ld" -o "StationDeGestion_TP_Train.axf"  ./src/Ecran.o ./src/Images.o ./src/SPI.o ./src/Touchscreen.o ./src/cr_startup_lpc176x.o ./src/crp.o ./src/main.o ./src/police.o   -lCMSISv2p00_LPC17xx
Finished building target: StationDeGestion_TP_Train.axf
 
make --no-print-directory post-build
Performing post-build steps
arm-none-eabi-size "StationDeGestion_TP_Train.axf"; # arm-none-eabi-objcopy -O binary "StationDeGestion_TP_Train.axf" "StationDeGestion_TP_Train.bin" ; checksum -p LPC1769 -d "StationDeGestion_TP_Train.bin";
   text	   data	    bss	    dec	    hex	filename
   2448	      0	      0	   2448	    990	StationDeGestion_TP_Train.axf
 

19:20:47 Build Finished (took 1s.26ms)

